// Jest Snapshot v1, https://goo.gl/fbAQLP

exports[`Button Renders 1`] = `
<div>
  <button
    class="css-of54i9"
  >
    Test Button
  </button>
</div>
`;
